Copyright 1986-2017 Xilinx, Inc. All Rights Reserved.
-------------------------------------------------------------------------------------
| Tool Version : Vivado v.2017.1 (lin64) Build 1846317 Fri Apr 14 18:54:47 MDT 2017
| Date         : Mon Jan 22 18:51:32 2018
| Host         : ocaepc07 running 64-bit Debian GNU/Linux 7.11 (wheezy)
| Command      : report_control_sets -verbose -file FPBN_top_control_sets_placed.rpt
| Design       : FPBN_top
| Device       : xc7z020
-------------------------------------------------------------------------------------

Control Set Information

Table of Contents
-----------------
1. Summary
2. Flip-Flop Distribution
3. Detailed Control Set Information

1. Summary
----------

+----------------------------------------------------------+-------+
|                          Status                          | Count |
+----------------------------------------------------------+-------+
| Number of unique control sets                            |   259 |
| Unused register locations in slices containing registers |   543 |
+----------------------------------------------------------+-------+


2. Flip-Flop Distribution
-------------------------

+--------------+-----------------------+------------------------+-----------------+--------------+
| Clock Enable | Synchronous Set/Reset | Asynchronous Set/Reset | Total Registers | Total Slices |
+--------------+-----------------------+------------------------+-----------------+--------------+
| No           | No                    | No                     |            2050 |          657 |
| No           | No                    | Yes                    |               0 |            0 |
| No           | Yes                   | No                     |            2313 |          464 |
| Yes          | No                    | No                     |               0 |            0 |
| Yes          | No                    | Yes                    |               0 |            0 |
| Yes          | Yes                   | No                     |              86 |           24 |
+--------------+-----------------------+------------------------+-----------------+--------------+


3. Detailed Control Set Information
-----------------------------------

+------------------------------------------------+-------------------------------------------------------+---------------------------------------------------------------------------------------------------------------------------------------------------------------------------------------------+------------------+----------------+
|                  Clock Signal                  |                     Enable Signal                     |                                                                                       Set/Reset Signal                                                                                      | Slice Load Count | Bel Load Count |
+------------------------------------------------+-------------------------------------------------------+---------------------------------------------------------------------------------------------------------------------------------------------------------------------------------------------+------------------+----------------+
|  netW/N4/N1/G0/prog_link_out_reg[0]_i_1__1_n_0 |                                                       |                                                                                                                                                                                             |                1 |              1 |
|  netW/N1/N1/G0/prog_link_out_reg[0]_i_1__3_n_0 |                                                       |                                                                                                                                                                                             |                1 |              1 |
|  netW/N5/N1/G0/prog_link_reg[4]_82             |                                                       |                                                                                                                                                                                             |                1 |              1 |
|  netW/N5/N1/G0/prog_link_reg[3]_83             |                                                       |                                                                                                                                                                                             |                1 |              1 |
|  netW/N5/N1/G0/prog_link_reg[2]_84             |                                                       |                                                                                                                                                                                             |                1 |              1 |
|  netW/N5/N1/G0/prog_link_reg[1]_85             |                                                       |                                                                                                                                                                                             |                1 |              1 |
|  netW/N5/N1/G0/prog_link_reg[0]_86             |                                                       |                                                                                                                                                                                             |                1 |              1 |
|  netW/N5/N1/G0/prog_link_out_reg[0]_i_1__2_n_0 |                                                       |                                                                                                                                                                                             |                1 |              1 |
|  netW/N2/N1/G0/prog_link_out_reg[0]_i_1_n_0    |                                                       |                                                                                                                                                                                             |                1 |              1 |
|  netW/N4/N1/G0/prog_link_reg[0]_50             |                                                       |                                                                                                                                                                                             |                1 |              1 |
|  clk_IBUF_BUFG                                 | vip_moy1/p_1_in                                       | programmeur/start_calcule_reg                                                                                                                                                               |                1 |              1 |
|  netW/N3/N1/G0/prog_link_reg[4]_10             |                                                       |                                                                                                                                                                                             |                1 |              1 |
|  netW/N3/N1/G0/prog_link_reg[3]_11             |                                                       |                                                                                                                                                                                             |                1 |              1 |
|  netW/N4/N1/G0/prog_link_reg[2]_48             |                                                       |                                                                                                                                                                                             |                1 |              1 |
|  netW/N3/N1/G0/prog_link_reg[2]_12             |                                                       |                                                                                                                                                                                             |                1 |              1 |
|  netW/N3/N1/G0/prog_link_reg[1]_13             |                                                       |                                                                                                                                                                                             |                1 |              1 |
|  netW/N3/N1/G0/prog_link_reg[0]_14             |                                                       |                                                                                                                                                                                             |                1 |              1 |
|  netW/N3/N1/G0/prog_link_out_reg[0]_i_1__0_n_0 |                                                       |                                                                                                                                                                                             |                1 |              1 |
|  netW/N4/N1/G0/prog_link_reg[3]_47             |                                                       |                                                                                                                                                                                             |                1 |              1 |
|  netW/N4/N1/G0/prog_link_reg[4]_46             |                                                       |                                                                                                                                                                                             |                1 |              1 |
|  netW/N6/N1/G0/prog_link_reg[0]_122            |                                                       |                                                                                                                                                                                             |                1 |              1 |
|  netW/N4/N1/G0/prog_link_reg[1]_49             |                                                       |                                                                                                                                                                                             |                1 |              1 |
|  clk_IBUF_BUFG                                 | vip_moy2/start_calcule0_carry__2_n_0                  | programmeur/clear                                                                                                                                                                           |                1 |              1 |
|  netW/N6/N1/G0/prog_link_reg[4]_118            |                                                       |                                                                                                                                                                                             |                1 |              1 |
|  netW/N6/N1/G0/prog_link_reg[3]_119            |                                                       |                                                                                                                                                                                             |                1 |              1 |
|  programmeur/out[4]                            |                                                       |                                                                                                                                                                                             |                1 |              1 |
|  netW/N6/N1/G0/prog_link_reg[2]_120            |                                                       |                                                                                                                                                                                             |                1 |              1 |
|  netW/N6/N1/G0/prog_link_reg[1]_121            |                                                       |                                                                                                                                                                                             |                1 |              1 |
|  netW/N1/N1/G0/index_temp_reg[2]_i_2_n_0       |                                                       |                                                                                                                                                                                             |                1 |              3 |
|  netW/N2/N1/G0/index_temp_reg[2]_i_2__0_n_0    |                                                       |                                                                                                                                                                                             |                1 |              3 |
|  netW/N4/N1/G0/index_temp_reg[2]_i_2__2_n_0    |                                                       |                                                                                                                                                                                             |                1 |              3 |
|  netW/N5/N1/G0/index_temp_reg[2]_i_2__3_n_0    |                                                       |                                                                                                                                                                                             |                1 |              3 |
|  netW/N3/N1/G0/index_temp_reg[2]_i_2__1_n_0    |                                                       |                                                                                                                                                                                             |                1 |              3 |
|  netW/N6/N1/G0/__6/i__n_0                      |                                                       |                                                                                                                                                                                             |                1 |              3 |
|  netW/N6/R1/r3/g1/clk_delay_2                  |                                                       | netW/N6/N1/MEM0/index_reg[4]_0                                                                                                                                                              |                1 |              4 |
|  netW/N6/R1/r4/g1/clk_delay_3                  |                                                       | netW/N6/N1/MEM0/index_reg[4]_0                                                                                                                                                              |                2 |              4 |
|  netW/N6/R1/r5/g1/clk_delay_4                  |                                                       | netW/N6/N1/MEM0/index_reg[4]_0                                                                                                                                                              |                1 |              4 |
|  netW/N2/R1/r4/g1/clk_delay_3                  |                                                       | netW/N6/N1/MEM0/index_reg[4]_0                                                                                                                                                              |                1 |              4 |
|  netW/N1/R1/r2/g1/clk_delay_1                  |                                                       | netW/N6/N1/MEM0/index_reg[4]_0                                                                                                                                                              |                1 |              4 |
|  netW/N6/R1/r2/g1/clk_delay_1                  |                                                       | netW/N6/N1/MEM0/index_reg[4]_0                                                                                                                                                              |                1 |              4 |
|  netW/N2/R1/r2/g1/clk_delay_1                  |                                                       | netW/N6/N1/MEM0/index_reg[4]_0                                                                                                                                                              |                1 |              4 |
|  netW/N6/R1/r1/g1/clk_delay_0                  |                                                       | netW/N6/N1/MEM0/index_reg[4]_0                                                                                                                                                              |                1 |              4 |
|  netW/N6/R1/r9/g1/clk_delay_8                  |                                                       | netW/N6/N1/MEM0/index_reg[4]_0                                                                                                                                                              |                1 |              4 |
|  netW/N6/R1/r8/g1/clk_delay_7                  |                                                       | netW/N6/N1/MEM0/index_reg[4]_0                                                                                                                                                              |                1 |              4 |
|  netW/N2/R1/r6/g1/clk_delay_5                  |                                                       | netW/N6/N1/MEM0/index_reg[4]_0                                                                                                                                                              |                1 |              4 |
|  netW/N2/R1/r1/g1/clk_delay_0                  |                                                       | netW/N6/N1/MEM0/index_reg[4]_0                                                                                                                                                              |                1 |              4 |
|  netW/N6/R1/r7/g1/clk_delay_6                  |                                                       | netW/N6/N1/MEM0/index_reg[4]_0                                                                                                                                                              |                1 |              4 |
|  netW/N3/R1/r4/g1/clk_delay_3                  |                                                       | netW/N6/N1/MEM0/index_reg[4]_0                                                                                                                                                              |                1 |              4 |
|  netW/N6/R1/r0/g1/clk_delay                    |                                                       | netW/N6/N1/MEM0/index_reg[4]_0                                                                                                                                                              |                1 |              4 |
|  netW/N5/R1/r9/g1/clk_delay_8                  |                                                       | netW/N6/N1/MEM0/index_reg[4]_0                                                                                                                                                              |                1 |              4 |
|  netW/N5/R1/r8/g1/clk_delay_7                  |                                                       | netW/N6/N1/MEM0/index_reg[4]_0                                                                                                                                                              |                1 |              4 |
|  netW/N5/R1/r7/g1/clk_delay_6                  |                                                       | netW/N6/N1/MEM0/index_reg[4]_0                                                                                                                                                              |                1 |              4 |
|  netW/N5/R1/r6/g1/clk_delay_5                  |                                                       | netW/N6/N1/MEM0/index_reg[4]_0                                                                                                                                                              |                1 |              4 |
|  netW/N5/R1/r5/g1/clk_delay_4                  |                                                       | netW/N6/N1/MEM0/index_reg[4]_0                                                                                                                                                              |                1 |              4 |
|  netW/N5/R1/r4/g1/clk_delay_3                  |                                                       | netW/N6/N1/MEM0/index_reg[4]_0                                                                                                                                                              |                1 |              4 |
|  netW/N5/R1/r3/g1/clk_delay_2                  |                                                       | netW/N6/N1/MEM0/index_reg[4]_0                                                                                                                                                              |                1 |              4 |
|  netW/N5/R1/r2/g1/clk_delay_1                  |                                                       | netW/N6/N1/MEM0/index_reg[4]_0                                                                                                                                                              |                1 |              4 |
|  netW/N5/R1/r1/g1/clk_delay_0                  |                                                       | netW/N6/N1/MEM0/index_reg[4]_0                                                                                                                                                              |                1 |              4 |
|  netW/N5/R1/r0/g1/clk_delay                    |                                                       | netW/N6/N1/MEM0/index_reg[4]_0                                                                                                                                                              |                1 |              4 |
|  netW/N4/R1/r1/g1/clk_delay_0                  |                                                       | netW/N6/N1/MEM0/index_reg[4]_0                                                                                                                                                              |                1 |              4 |
|  netW/N6/R1/r6/g1/clk_delay_5                  |                                                       | netW/N6/N1/MEM0/index_reg[4]_0                                                                                                                                                              |                1 |              4 |
|  netW/N4/R1/r9/g1/clk_delay_8                  |                                                       | netW/N6/N1/MEM0/index_reg[4]_0                                                                                                                                                              |                1 |              4 |
|  netW/N4/R1/r8/g1/clk_delay_7                  |                                                       | netW/N6/N1/MEM0/index_reg[4]_0                                                                                                                                                              |                1 |              4 |
|  netW/N4/R1/r7/g1/clk_delay_6                  |                                                       | netW/N6/N1/MEM0/index_reg[4]_0                                                                                                                                                              |                1 |              4 |
|  netW/N4/R1/r6/g1/clk_delay_5                  |                                                       | netW/N6/N1/MEM0/index_reg[4]_0                                                                                                                                                              |                1 |              4 |
|  netW/N4/R1/r5/g1/clk_delay_4                  |                                                       | netW/N6/N1/MEM0/index_reg[4]_0                                                                                                                                                              |                1 |              4 |
|  netW/N4/R1/r4/g1/clk_delay_3                  |                                                       | netW/N6/N1/MEM0/index_reg[4]_0                                                                                                                                                              |                1 |              4 |
|  netW/N4/R1/r3/g1/clk_delay_2                  |                                                       | netW/N6/N1/MEM0/index_reg[4]_0                                                                                                                                                              |                1 |              4 |
|  netW/N4/R1/r2/g1/clk_delay_1                  |                                                       | netW/N6/N1/MEM0/index_reg[4]_0                                                                                                                                                              |                1 |              4 |
|  netW/N3/R1/r7/g1/clk_delay_6                  |                                                       | netW/N6/N1/MEM0/index_reg[4]_0                                                                                                                                                              |                1 |              4 |
|  netW/N3/R1/r2/g1/clk_delay_1                  |                                                       | netW/N6/N1/MEM0/index_reg[4]_0                                                                                                                                                              |                1 |              4 |
|  netW/N1/R1/r7/g1/clk_delay_6                  |                                                       | netW/N6/N1/MEM0/index_reg[4]_0                                                                                                                                                              |                1 |              4 |
|  netW/N3/R1/r6/g1/clk_delay_5                  |                                                       | netW/N6/N1/MEM0/index_reg[4]_0                                                                                                                                                              |                1 |              4 |
|  netW/N4/R1/r0/g1/clk_delay                    |                                                       | netW/N6/N1/MEM0/index_reg[4]_0                                                                                                                                                              |                1 |              4 |
|  netW/N1/R1/r5/g1/clk_delay_4                  |                                                       | netW/N6/N1/MEM0/index_reg[4]_0                                                                                                                                                              |                1 |              4 |
|  netW/N1/R1/r1/g1/clk_delay_0                  |                                                       | netW/N6/N1/MEM0/index_reg[4]_0                                                                                                                                                              |                1 |              4 |
|  netW/N3/R1/r9/g1/clk_delay_8                  |                                                       | netW/N6/N1/MEM0/index_reg[4]_0                                                                                                                                                              |                1 |              4 |
|  netW/N3/R1/r8/g1/clk_delay_7                  |                                                       | netW/N6/N1/MEM0/index_reg[4]_0                                                                                                                                                              |                1 |              4 |
|  netW/N2/R1/r9/g1/clk_delay_8                  |                                                       | netW/N6/N1/MEM0/index_reg[4]_0                                                                                                                                                              |                1 |              4 |
|  netW/N2/R1/r3/g1/clk_delay_2                  |                                                       | netW/N6/N1/MEM0/index_reg[4]_0                                                                                                                                                              |                1 |              4 |
|  netW/N3/R1/r5/g1/clk_delay_4                  |                                                       | netW/N6/N1/MEM0/index_reg[4]_0                                                                                                                                                              |                1 |              4 |
|  netW/N3/R1/r3/g1/clk_delay_2                  |                                                       | netW/N6/N1/MEM0/index_reg[4]_0                                                                                                                                                              |                1 |              4 |
|  netW/N3/R1/r1/g1/clk_delay_0                  |                                                       | netW/N6/N1/MEM0/index_reg[4]_0                                                                                                                                                              |                1 |              4 |
|  netW/N1/R1/r8/g1/clk_delay_7                  |                                                       | netW/N6/N1/MEM0/index_reg[4]_0                                                                                                                                                              |                1 |              4 |
|  netW/N3/R1/r0/g1/clk_delay                    |                                                       | netW/N6/N1/MEM0/index_reg[4]_0                                                                                                                                                              |                1 |              4 |
|  netW/N1/R1/r9/g1/clk_delay_8                  |                                                       | netW/N6/N1/MEM0/index_reg[4]_0                                                                                                                                                              |                1 |              4 |
|  netW/N1/R1/r0/g1/clk_delay                    |                                                       | netW/N6/N1/MEM0/index_reg[4]_0                                                                                                                                                              |                1 |              4 |
|  netW/N2/R1/r8/g1/clk_delay_7                  |                                                       | netW/N6/N1/MEM0/index_reg[4]_0                                                                                                                                                              |                1 |              4 |
|  netW/N2/R1/r0/g1/clk_delay                    |                                                       | netW/N6/N1/MEM0/index_reg[4]_0                                                                                                                                                              |                1 |              4 |
|  netW/N2/R1/r7/g1/clk_delay_6                  |                                                       | netW/N6/N1/MEM0/index_reg[4]_0                                                                                                                                                              |                1 |              4 |
|  netW/N1/R1/r4/g1/clk_delay_3                  |                                                       | netW/N6/N1/MEM0/index_reg[4]_0                                                                                                                                                              |                1 |              4 |
|  netW/N1/R1/r3/g1/clk_delay_2                  |                                                       | netW/N6/N1/MEM0/index_reg[4]_0                                                                                                                                                              |                1 |              4 |
|  netW/N1/R1/r6/g1/clk_delay_5                  |                                                       | netW/N6/N1/MEM0/index_reg[4]_0                                                                                                                                                              |                1 |              4 |
|  netW/N2/R1/r5/g1/clk_delay_4                  |                                                       | netW/N6/N1/MEM0/index_reg[4]_0                                                                                                                                                              |                1 |              4 |
|  netW/N3/N1/MEM0/index_temp_reg[4]_i_2__1_n_0  |                                                       |                                                                                                                                                                                             |                2 |              5 |
|  netW/N4/N1/G0/addr_out_reg[4]_i_2__0_n_0      |                                                       |                                                                                                                                                                                             |                2 |              5 |
|  netW/N6/N1/G0//i__n_0                         |                                                       |                                                                                                                                                                                             |                2 |              5 |
|  netW/N3/N1/G0/addr_out_reg[4]_i_2_n_0         |                                                       |                                                                                                                                                                                             |                2 |              5 |
|  netW/N2/N1/MEM0/index_temp_reg[4]_i_2__0_n_0  |                                                       |                                                                                                                                                                                             |                2 |              5 |
|  netW/N4/N1/MEM0/index_temp_reg[4]_i_2__2_n_0  |                                                       |                                                                                                                                                                                             |                2 |              5 |
|  netW/N6/N1/MEM0/index_temp_reg[4]_i_2__4_n_0  |                                                       |                                                                                                                                                                                             |                2 |              5 |
|  netW/N1/N1/MEM0/index_temp_reg[4]_i_2_n_0     |                                                       |                                                                                                                                                                                             |                2 |              5 |
|  netW/N5/N1/MEM0/index_temp_reg[4]_i_2__3_n_0  |                                                       |                                                                                                                                                                                             |                2 |              5 |
|  netW/N5/N1/G0/addr_out_reg[4]_i_2__1_n_0      |                                                       |                                                                                                                                                                                             |                2 |              5 |
|  clk_IBUF_BUFG                                 | programmeur/FSM_onehot_current_state[5]_i_1_n_0       | netW/N6/N1/MEM0/index_reg[4]_0                                                                                                                                                              |                1 |              6 |
|  netW/N5/N1/MEM0/Prob[3]_115                   |                                                       |                                                                                                                                                                                             |                2 |              8 |
|  netW/N6/N1/MEM0/Prob[10]_144                  |                                                       |                                                                                                                                                                                             |                2 |              8 |
|  netW/N6/N1/MEM0/Prob[11]_143                  |                                                       |                                                                                                                                                                                             |                2 |              8 |
|  netW/N6/N1/MEM0/Prob[0]__0                    |                                                       |                                                                                                                                                                                             |                2 |              8 |
|  netW/N6/N1/MEM0/Prob[12]_142                  |                                                       |                                                                                                                                                                                             |                2 |              8 |
|  netW/N4/N1/MEM0/Prob[8]_74                    |                                                       |                                                                                                                                                                                             |                5 |              8 |
|  netW/N5/N1/MEM0/Prob[2]_116                   |                                                       |                                                                                                                                                                                             |                2 |              8 |
|  netW/N5/N1/MEM0/Prob[4]_114                   |                                                       |                                                                                                                                                                                             |                2 |              8 |
|  netW/N5/N1/MEM0/Prob[5]_113                   |                                                       |                                                                                                                                                                                             |                2 |              8 |
|  netW/N5/N1/MEM0/Prob[6]_112                   |                                                       |                                                                                                                                                                                             |                3 |              8 |
|  netW/N5/N1/MEM0/Prob[7]_111                   |                                                       |                                                                                                                                                                                             |                2 |              8 |
|  netW/N5/N1/MEM0/Prob[8]_110                   |                                                       |                                                                                                                                                                                             |                3 |              8 |
|  netW/N5/N1/MEM0/Prob[9]_109                   |                                                       |                                                                                                                                                                                             |                8 |              8 |
|  netW/N5/N1/MEM0/data_out_reg[9]_i_2__3_n_0    |                                                       |                                                                                                                                                                                             |                2 |              8 |
|  netW/N4/N1/MEM0/Prob[11]_71                   |                                                       |                                                                                                                                                                                             |                2 |              8 |
|  netW/N4/N1/MEM0/Prob[7]_75                    |                                                       |                                                                                                                                                                                             |                3 |              8 |
|  netW/N4/N1/MEM0/Prob[6]_76                    |                                                       |                                                                                                                                                                                             |                2 |              8 |
|  netW/N4/N1/MEM0/Prob[16]_66                   |                                                       |                                                                                                                                                                                             |                2 |              8 |
|  netW/N4/N1/MEM0/Prob[27]_55                   |                                                       |                                                                                                                                                                                             |                2 |              8 |
|  netW/N4/N1/MEM0/Prob[13]_69                   |                                                       |                                                                                                                                                                                             |                3 |              8 |
|  netW/N4/N1/MEM0/Prob[18]_64                   |                                                       |                                                                                                                                                                                             |                2 |              8 |
|  netW/N4/N1/MEM0/Prob[12]_70                   |                                                       |                                                                                                                                                                                             |                3 |              8 |
|  netW/N4/N1/MEM0/Prob[19]_63                   |                                                       |                                                                                                                                                                                             |                2 |              8 |
|  netW/N6/N1/MEM0/Prob[3]_151                   |                                                       |                                                                                                                                                                                             |                2 |              8 |
|  netW/N6/N1/MEM0/Prob[4]_150                   |                                                       |                                                                                                                                                                                             |                2 |              8 |
|  netW/N6/N1/MEM0/Prob[5]_149                   |                                                       |                                                                                                                                                                                             |                2 |              8 |
|  netW/N6/N1/MEM0/Prob[6]_148                   |                                                       |                                                                                                                                                                                             |                2 |              8 |
|  netW/N6/N1/MEM0/Prob[7]_147                   |                                                       |                                                                                                                                                                                             |                2 |              8 |
|  netW/N6/N1/MEM0/Prob[8]_146                   |                                                       |                                                                                                                                                                                             |                3 |              8 |
|  netW/N6/N1/MEM0/Prob[9]_145                   |                                                       |                                                                                                                                                                                             |                8 |              8 |
|  netW/N6/N1/MEM0/data_out_reg[9]_i_2__4_n_0    |                                                       |                                                                                                                                                                                             |                2 |              8 |
|  netW/N4/N1/MEM0/Prob[9]_73                    |                                                       |                                                                                                                                                                                             |                8 |              8 |
|  netW/N6/N1/MEM0/Prob[31]_123                  |                                                       |                                                                                                                                                                                             |                6 |              8 |
|  netW/N4/N1/MEM0/Prob[17]_65                   |                                                       |                                                                                                                                                                                             |                2 |              8 |
|  netW/N4/N1/MEM0/Prob[15]_67                   |                                                       |                                                                                                                                                                                             |                4 |              8 |
|  netW/N4/N1/MEM0/Prob[14]_68                   |                                                       |                                                                                                                                                                                             |                2 |              8 |
|  netW/N4/N1/MEM0/Prob[10]_72                   |                                                       |                                                                                                                                                                                             |                2 |              8 |
|  netW/N4/N1/MEM0/Prob[0]__0                    |                                                       |                                                                                                                                                                                             |                2 |              8 |
|  programmeur/out[2]                            |                                                       |                                                                                                                                                                                             |                2 |              8 |
|  netW/N2/N1/MEM0/Prob[0]_9                     |                                                       |                                                                                                                                                                                             |                2 |              8 |
|  clk_IBUF_BUFG                                 |                                                       | vip_moy2/D1/U0/i_synth/i_nonzero_fract.i_synth/opt_high_radix.i_nonzero_fract.i_high_radix/i_fixed.i_fix_to_flt/i_fpo/FIX_TO_FLT_OP.SPD.OP/LZE/ZERO_DET_CC_1/opt_has_pipe.first_q_reg[24]_0 |                2 |              8 |
|  clk_IBUF_BUFG                                 |                                                       | vip_moy1/D1/U0/i_synth/i_nonzero_fract.i_synth/opt_high_radix.i_nonzero_fract.i_high_radix/i_fixed.i_fix_to_flt/i_fpo/FIX_TO_FLT_OP.SPD.OP/LZE/ZERO_DET_CC_1/opt_has_pipe.first_q_reg[24]_0 |                1 |              8 |
|  netW/N6/N1/MEM0/Prob[22]_132                  |                                                       |                                                                                                                                                                                             |                2 |              8 |
|  netW/N6/N1/MEM0/Prob[14]_140                  |                                                       |                                                                                                                                                                                             |                2 |              8 |
|  netW/N6/N1/MEM0/Prob[15]_139                  |                                                       |                                                                                                                                                                                             |                2 |              8 |
|  netW/N6/N1/MEM0/Prob[16]_138                  |                                                       |                                                                                                                                                                                             |                2 |              8 |
|  netW/N6/N1/MEM0/Prob[17]_137                  |                                                       |                                                                                                                                                                                             |                2 |              8 |
|  netW/N6/N1/MEM0/Prob[18]_136                  |                                                       |                                                                                                                                                                                             |                2 |              8 |
|  netW/N6/N1/MEM0/Prob[19]_135                  |                                                       |                                                                                                                                                                                             |                2 |              8 |
|  netW/N6/N1/MEM0/Prob[1]_153                   |                                                       |                                                                                                                                                                                             |                2 |              8 |
|  netW/N6/N1/MEM0/Prob[20]_134                  |                                                       |                                                                                                                                                                                             |                3 |              8 |
|  netW/N6/N1/MEM0/Prob[21]_133                  |                                                       |                                                                                                                                                                                             |                2 |              8 |
|  netW/N6/N1/MEM0/Prob[13]_141                  |                                                       |                                                                                                                                                                                             |                2 |              8 |
|  netW/N6/N1/MEM0/Prob[23]_131                  |                                                       |                                                                                                                                                                                             |                2 |              8 |
|  netW/N6/N1/MEM0/Prob[24]_130                  |                                                       |                                                                                                                                                                                             |                2 |              8 |
|  netW/N6/N1/MEM0/Prob[25]_129                  |                                                       |                                                                                                                                                                                             |                2 |              8 |
|  netW/N6/N1/MEM0/Prob[26]_128                  |                                                       |                                                                                                                                                                                             |                2 |              8 |
|  netW/N6/N1/MEM0/Prob[27]_127                  |                                                       |                                                                                                                                                                                             |                2 |              8 |
|  netW/N6/N1/MEM0/Prob[28]_126                  |                                                       |                                                                                                                                                                                             |                2 |              8 |
|  netW/N6/N1/MEM0/Prob[29]_125                  |                                                       |                                                                                                                                                                                             |                2 |              8 |
|  netW/N6/N1/MEM0/Prob[2]_152                   |                                                       |                                                                                                                                                                                             |                2 |              8 |
|  netW/N6/N1/MEM0/Prob[30]_124                  |                                                       |                                                                                                                                                                                             |                5 |              8 |
|  netW/N3/N1/MEM0/Prob[5]_41                    |                                                       |                                                                                                                                                                                             |                2 |              8 |
|  netW/N3/N1/MEM0/Prob[25]_21                   |                                                       |                                                                                                                                                                                             |                3 |              8 |
|  netW/N3/N1/MEM0/Prob[26]_20                   |                                                       |                                                                                                                                                                                             |                2 |              8 |
|  netW/N3/N1/MEM0/Prob[27]_19                   |                                                       |                                                                                                                                                                                             |                4 |              8 |
|  netW/N3/N1/MEM0/Prob[29]_17                   |                                                       |                                                                                                                                                                                             |                2 |              8 |
|  netW/N3/N1/MEM0/Prob[2]_44                    |                                                       |                                                                                                                                                                                             |                2 |              8 |
|  netW/N3/N1/MEM0/Prob[30]_16                   |                                                       |                                                                                                                                                                                             |                4 |              8 |
|  netW/N3/N1/MEM0/Prob[31]_15                   |                                                       |                                                                                                                                                                                             |                8 |              8 |
|  netW/N3/N1/MEM0/Prob[3]_43                    |                                                       |                                                                                                                                                                                             |                2 |              8 |
|  netW/N3/N1/MEM0/Prob[4]_42                    |                                                       |                                                                                                                                                                                             |                2 |              8 |
|  netW/N3/N1/MEM0/Prob[24]_22                   |                                                       |                                                                                                                                                                                             |                3 |              8 |
|  netW/N3/N1/MEM0/Prob[6]_40                    |                                                       |                                                                                                                                                                                             |                2 |              8 |
|  netW/N3/N1/MEM0/Prob[7]_39                    |                                                       |                                                                                                                                                                                             |                2 |              8 |
|  netW/N3/N1/MEM0/Prob[8]_38                    |                                                       |                                                                                                                                                                                             |                3 |              8 |
|  netW/N3/N1/MEM0/Prob[9]_37                    |                                                       |                                                                                                                                                                                             |                8 |              8 |
|  netW/N4/N1/MEM0/data_out_reg[9]_i_2__2_n_0    |                                                       |                                                                                                                                                                                             |                2 |              8 |
|  netW/N3/N1/MEM0/Prob[28]_18                   |                                                       |                                                                                                                                                                                             |                2 |              8 |
|  netW/N4/N1/MEM0/Prob[4]_78                    |                                                       |                                                                                                                                                                                             |                2 |              8 |
|  netW/N4/N1/MEM0/Prob[3]_79                    |                                                       |                                                                                                                                                                                             |                2 |              8 |
|  netW/N4/N1/MEM0/Prob[31]_51                   |                                                       |                                                                                                                                                                                             |                8 |              8 |
|  netW/N3/N1/MEM0/Prob[16]_30                   |                                                       |                                                                                                                                                                                             |                2 |              8 |
|  netW/N3/N1/MEM0/data_out_reg[9]_i_2__1_n_0    |                                                       |                                                                                                                                                                                             |                2 |              8 |
|  netW/N4/N1/MEM0/Prob[5]_77                    |                                                       |                                                                                                                                                                                             |                2 |              8 |
|  netW/N3/N1/MEM0/Prob[11]_35                   |                                                       |                                                                                                                                                                                             |                2 |              8 |
|  netW/N3/N1/MEM0/Prob[0]__0                    |                                                       |                                                                                                                                                                                             |                4 |              8 |
|  netW/N3/N1/MEM0/Prob[10]_36                   |                                                       |                                                                                                                                                                                             |                3 |              8 |
|  netW/N3/N1/MEM0/Prob[12]_34                   |                                                       |                                                                                                                                                                                             |                2 |              8 |
|  netW/N3/N1/MEM0/Prob[13]_33                   |                                                       |                                                                                                                                                                                             |                2 |              8 |
|  netW/N3/N1/MEM0/Prob[14]_32                   |                                                       |                                                                                                                                                                                             |                2 |              8 |
|  netW/N3/N1/MEM0/Prob[15]_31                   |                                                       |                                                                                                                                                                                             |                2 |              8 |
|  netW/N5/N1/MEM0/Prob[30]_88                   |                                                       |                                                                                                                                                                                             |                2 |              8 |
|  netW/N3/N1/MEM0/Prob[17]_29                   |                                                       |                                                                                                                                                                                             |                3 |              8 |
|  netW/N3/N1/MEM0/Prob[18]_28                   |                                                       |                                                                                                                                                                                             |                2 |              8 |
|  netW/N3/N1/MEM0/Prob[19]_27                   |                                                       |                                                                                                                                                                                             |                2 |              8 |
|  netW/N3/N1/MEM0/Prob[1]_45                    |                                                       |                                                                                                                                                                                             |                3 |              8 |
|  netW/N3/N1/MEM0/Prob[20]_26                   |                                                       |                                                                                                                                                                                             |                2 |              8 |
|  netW/N3/N1/MEM0/Prob[21]_25                   |                                                       |                                                                                                                                                                                             |                3 |              8 |
|  netW/N3/N1/MEM0/Prob[22]_24                   |                                                       |                                                                                                                                                                                             |                2 |              8 |
|  netW/N3/N1/MEM0/Prob[23]_23                   |                                                       |                                                                                                                                                                                             |                2 |              8 |
|  netW/N5/N1/MEM0/Prob[22]_96                   |                                                       |                                                                                                                                                                                             |                2 |              8 |
|  netW/N5/N1/MEM0/Prob[14]_104                  |                                                       |                                                                                                                                                                                             |                2 |              8 |
|  netW/N5/N1/MEM0/Prob[15]_103                  |                                                       |                                                                                                                                                                                             |                2 |              8 |
|  netW/N5/N1/MEM0/Prob[16]_102                  |                                                       |                                                                                                                                                                                             |                2 |              8 |
|  netW/N5/N1/MEM0/Prob[17]_101                  |                                                       |                                                                                                                                                                                             |                2 |              8 |
|  netW/N5/N1/MEM0/Prob[18]_100                  |                                                       |                                                                                                                                                                                             |                2 |              8 |
|  netW/N5/N1/MEM0/Prob[19]_99                   |                                                       |                                                                                                                                                                                             |                2 |              8 |
|  netW/N5/N1/MEM0/Prob[1]_117                   |                                                       |                                                                                                                                                                                             |                2 |              8 |
|  netW/N5/N1/MEM0/Prob[20]_98                   |                                                       |                                                                                                                                                                                             |                2 |              8 |
|  netW/N5/N1/MEM0/Prob[21]_97                   |                                                       |                                                                                                                                                                                             |                2 |              8 |
|  netW/N1/N1/MEM0/Prob[0]_8                     |                                                       |                                                                                                                                                                                             |                3 |              8 |
|  netW/N5/N1/MEM0/Prob[23]_95                   |                                                       |                                                                                                                                                                                             |                2 |              8 |
|  netW/N5/N1/MEM0/Prob[24]_94                   |                                                       |                                                                                                                                                                                             |                2 |              8 |
|  netW/N5/N1/MEM0/Prob[25]_93                   |                                                       |                                                                                                                                                                                             |                2 |              8 |
|  netW/N5/N1/MEM0/Prob[26]_92                   |                                                       |                                                                                                                                                                                             |                2 |              8 |
|  netW/N5/N1/MEM0/Prob[27]_91                   |                                                       |                                                                                                                                                                                             |                2 |              8 |
|  netW/N5/N1/MEM0/Prob[28]_90                   |                                                       |                                                                                                                                                                                             |                2 |              8 |
|  netW/N5/N1/MEM0/Prob[29]_89                   |                                                       |                                                                                                                                                                                             |                2 |              8 |
|  netW/N5/N1/MEM0/Prob[31]_87                   |                                                       |                                                                                                                                                                                             |                8 |              8 |
|  netW/N5/N1/MEM0/Prob[12]_106                  |                                                       |                                                                                                                                                                                             |                2 |              8 |
|  netW/N4/N1/MEM0/Prob[2]_80                    |                                                       |                                                                                                                                                                                             |                2 |              8 |
|  netW/N4/N1/MEM0/Prob[29]_53                   |                                                       |                                                                                                                                                                                             |                2 |              8 |
|  netW/N1/N1/MEM0/data_out_reg[9]_i_2_n_0       |                                                       |                                                                                                                                                                                             |                2 |              8 |
|  netW/N2/N1/MEM0/data_out_reg[9]_i_2__0_n_0    |                                                       |                                                                                                                                                                                             |                2 |              8 |
|  netW/N5/N1/MEM0/Prob[13]_105                  |                                                       |                                                                                                                                                                                             |                2 |              8 |
|  netW/N4/N1/MEM0/Prob[30]_52                   |                                                       |                                                                                                                                                                                             |                3 |              8 |
|  netW/N4/N1/MEM0/Prob[28]_54                   |                                                       |                                                                                                                                                                                             |                2 |              8 |
|  netW/N4/N1/MEM0/Prob[26]_56                   |                                                       |                                                                                                                                                                                             |                2 |              8 |
|  netW/N4/N1/MEM0/Prob[25]_57                   |                                                       |                                                                                                                                                                                             |                2 |              8 |
|  netW/N4/N1/MEM0/Prob[24]_58                   |                                                       |                                                                                                                                                                                             |                2 |              8 |
|  netW/N4/N1/MEM0/Prob[23]_59                   |                                                       |                                                                                                                                                                                             |                2 |              8 |
|  netW/N4/N1/MEM0/Prob[22]_60                   |                                                       |                                                                                                                                                                                             |                3 |              8 |
|  netW/N4/N1/MEM0/Prob[21]_61                   |                                                       |                                                                                                                                                                                             |                2 |              8 |
|  netW/N4/N1/MEM0/Prob[20]_62                   |                                                       |                                                                                                                                                                                             |                2 |              8 |
|  netW/N4/N1/MEM0/Prob[1]_81                    |                                                       |                                                                                                                                                                                             |                2 |              8 |
|  netW/N5/N1/MEM0/Prob[11]_107                  |                                                       |                                                                                                                                                                                             |                2 |              8 |
|  netW/N5/N1/MEM0/Prob[0]__0                    |                                                       |                                                                                                                                                                                             |                2 |              8 |
|  netW/N5/N1/MEM0/Prob[10]_108                  |                                                       |                                                                                                                                                                                             |                2 |              8 |
|  clk_IBUF_BUFG                                 | vip_moy1/D1/U0/i_synth/i_nd_to_rdy/m_axis_dout_tvalid | programmeur/SR[0]                                                                                                                                                                           |                3 |             10 |
|  clk_IBUF_BUFG                                 | vip_moy2/D1/U0/i_synth/i_nd_to_rdy/m_axis_dout_tvalid | programmeur/SR[0]                                                                                                                                                                           |                2 |             10 |
|  clk_IBUF_BUFG                                 | netW/N5/N1/prob_out                                   | programmeur/start_calcule_reg                                                                                                                                                               |                8 |             29 |
|  clk_IBUF_BUFG                                 | netW/N6/N1/accu_one_reg[28]_4                         | programmeur/clear                                                                                                                                                                           |                8 |             29 |
|  clk_IBUF_BUFG                                 |                                                       | vip_moy2/D1/U0/i_synth/i_nonzero_fract.i_synth/opt_high_radix.i_nonzero_fract.i_high_radix/i_fixed.i_fix_to_flt/i_fpo/FIX_TO_FLT_OP.SPD.OP/EXP/ZERO_DELAY/i_pipe/op_state[0]                |                5 |             30 |
|  clk_IBUF_BUFG                                 |                                                       | vip_moy1/D1/U0/i_synth/i_nonzero_fract.i_synth/opt_high_radix.i_nonzero_fract.i_high_radix/i_fixed.i_fix_to_flt/i_fpo/FIX_TO_FLT_OP.SPD.OP/EXP/ZERO_DELAY/i_pipe/op_state[0]                |                5 |             30 |
|  clk_IBUF_BUFG                                 |                                                       | programmeur/start_calcule_reg                                                                                                                                                               |                8 |             32 |
|  clk_IBUF_BUFG                                 |                                                       | programmeur/clear                                                                                                                                                                           |                8 |             32 |
|  sig_Wen_BUFG                                  |                                                       |                                                                                                                                                                                             |               15 |             45 |
|  netWn_0_908_BUFG                              |                                                       |                                                                                                                                                                                             |               17 |             53 |
| ~clk_IBUF_BUFG                                 |                                                       |                                                                                                                                                                                             |               27 |             60 |
|  clk_IBUF_BUFG                                 |                                                       | netW/N6/N1/MEM0/index_reg[4]_0                                                                                                                                                              |               33 |             97 |
|  clk_IBUF_BUFG                                 |                                                       |                                                                                                                                                                                             |              234 |            840 |
|  clk_IBUF_BUFG                                 |                                                       | vip_moy1/D1/U0/i_synth/i_has_aresetn.i_reg_reset/first_q                                                                                                                                    |              171 |            918 |
|  clk_IBUF_BUFG                                 |                                                       | vip_moy2/D1/U0/i_synth/i_has_aresetn.i_reg_reset/first_q                                                                                                                                    |              170 |            918 |
+------------------------------------------------+-------------------------------------------------------+---------------------------------------------------------------------------------------------------------------------------------------------------------------------------------------------+------------------+----------------+


+--------+-----------------------+
| Fanout | Number of ControlSets |
+--------+-----------------------+
| 1      |                    28 |
| 3      |                     6 |
| 4      |                    60 |
| 5      |                    10 |
| 6      |                     1 |
| 8      |                   139 |
| 10     |                     2 |
| 16+    |                    13 |
+--------+-----------------------+


