Copyright 1986-2017 Xilinx, Inc. All Rights Reserved.
----------------------------------------------------------------------------------------------------------------------------------------------
| Tool Version     : Vivado v.2017.1 (lin64) Build 1846317 Fri Apr 14 18:54:47 MDT 2017
| Date             : Thu Jan 18 12:04:53 2018
| Host             : cimeld15 running 64-bit Debian GNU/Linux 7.8 (wheezy)
| Command          : report_power -file FPBN_top_power_routed.rpt -pb FPBN_top_power_summary_routed.pb -rpx FPBN_top_power_routed.rpx
| Design           : FPBN_top
| Device           : xc7z020clg484-1
| Design State     : routed
| Grade            : commercial
| Process          : typical
| Characterization : Production
----------------------------------------------------------------------------------------------------------------------------------------------

Power Report

Table of Contents
-----------------
1. Summary
1.1 On-Chip Components
1.2 Power Supply Summary
1.3 Confidence Level
2. Settings
2.1 Environment
2.2 Clock Constraints
3. Detailed Reports
3.1 By Hierarchy

1. Summary
----------

+--------------------------+----------------------------------+
| Total On-Chip Power (W)  | 31.615 (Junction temp exceeded!) |
| Dynamic (W)              | 30.575                           |
| Device Static (W)        | 1.040                            |
| Effective TJA (C/W)      | 14.4                             |
| Max Ambient (C)          | 0.0                              |
| Junction Temperature (C) | 125.0                            |
| Confidence Level         | Low                              |
| Setting File             | ---                              |
| Simulation Activity File | ---                              |
| Design Nets Matched      | NA                               |
+--------------------------+----------------------------------+


1.1 On-Chip Components
----------------------

+----------------+-----------+----------+-----------+-----------------+
| On-Chip        | Power (W) | Used     | Available | Utilization (%) |
+----------------+-----------+----------+-----------+-----------------+
| Slice Logic    |    17.200 |     4967 |       --- |             --- |
|   LUT as Logic |    15.865 |     1834 |     53200 |            3.45 |
|   CARRY4       |     0.661 |      208 |     13300 |            1.56 |
|   Register     |     0.657 |     2049 |    106400 |            1.93 |
|   BUFG         |     0.016 |        3 |        32 |            9.38 |
|   F7/F8 Muxes  |    <0.001 |      132 |     53200 |            0.25 |
|   Others       |     0.000 |      193 |       --- |             --- |
| Signals        |    12.500 |     3926 |       --- |             --- |
| I/O            |     0.874 |       26 |       200 |           13.00 |
| Static Power   |     1.040 |          |           |                 |
| Total          |    31.615 |          |           |                 |
+----------------+-----------+----------+-----------+-----------------+


1.2 Power Supply Summary
------------------------

+-----------+-------------+-----------+-------------+------------+
| Source    | Voltage (V) | Total (A) | Dynamic (A) | Static (A) |
+-----------+-------------+-----------+-------------+------------+
| Vccint    |       1.000 |    30.007 |      29.708 |      0.299 |
| Vccaux    |       1.800 |     0.171 |       0.071 |      0.100 |
| Vcco33    |       3.300 |     0.000 |       0.000 |      0.000 |
| Vcco25    |       2.500 |     0.000 |       0.000 |      0.000 |
| Vcco18    |       1.800 |     0.411 |       0.410 |      0.001 |
| Vcco15    |       1.500 |     0.000 |       0.000 |      0.000 |
| Vcco135   |       1.350 |     0.000 |       0.000 |      0.000 |
| Vcco12    |       1.200 |     0.000 |       0.000 |      0.000 |
| Vccaux_io |       1.800 |     0.000 |       0.000 |      0.000 |
| Vccbram   |       1.000 |     0.026 |       0.000 |      0.026 |
| MGTAVcc   |       1.000 |     0.000 |       0.000 |      0.000 |
| MGTAVtt   |       1.200 |     0.000 |       0.000 |      0.000 |
| MGTVccaux |       1.800 |     0.000 |       0.000 |      0.000 |
| Vccpint   |       1.000 |     0.473 |       0.000 |      0.473 |
| Vccpaux   |       1.800 |     0.010 |       0.000 |      0.010 |
| Vccpll    |       1.800 |     0.003 |       0.000 |      0.003 |
| Vcco_ddr  |       1.500 |     0.000 |       0.000 |      0.000 |
| Vcco_mio0 |       1.800 |     0.000 |       0.000 |      0.000 |
| Vcco_mio1 |       1.800 |     0.000 |       0.000 |      0.000 |
| Vccadc    |       1.800 |     0.020 |       0.000 |      0.020 |
+-----------+-------------+-----------+-------------+------------+


1.3 Confidence Level
--------------------

+-----------------------------+------------+--------------------------------------------------------+--------------------------------------------------------------------------------------------------------------------+
| User Input Data             | Confidence | Details                                                | Action                                                                                                             |
+-----------------------------+------------+--------------------------------------------------------+--------------------------------------------------------------------------------------------------------------------+
| Design implementation state | High       | Design is routed                                       |                                                                                                                    |
| Clock nodes activity        | Low        | User specified less than 75% of clocks                 | Provide missing clock activity with a constraint file, simulation results or by editing the "By Clock Domain" view |
| I/O nodes activity          | Low        | More than 75% of inputs are missing user specification | Provide missing input activity with simulation results or by editing the "By Resource Type -> I/Os" view           |
| Internal nodes activity     | Medium     | User specified less than 25% of internal nodes         | Provide missing internal nodes activity with simulation results or by editing the "By Resource Type" views         |
| Device models               | High       | Device models are Production                           |                                                                                                                    |
|                             |            |                                                        |                                                                                                                    |
| Overall confidence level    | Low        |                                                        |                                                                                                                    |
+-----------------------------+------------+--------------------------------------------------------+--------------------------------------------------------------------------------------------------------------------+


2. Settings
-----------

2.1 Environment
---------------

+-----------------------+------------------------+
| Ambient Temp (C)      | 25.0                   |
| ThetaJA (C/W)         | 14.4                   |
| Airflow (LFM)         | 0                      |
| Heat Sink             | low (Low Profile)      |
| ThetaSA (C/W)         | 0.0                    |
| Board Selection       | medium (10"x10")       |
| # of Board Layers     | 8to11 (8 to 11 Layers) |
| Board Temperature (C) | 25.0                   |
+-----------------------+------------------------+


2.2 Clock Constraints
---------------------

+-------+--------+-----------------+
| Clock | Domain | Constraint (ns) |
+-------+--------+-----------------+


3. Detailed Reports
-------------------

3.1 By Hierarchy
----------------

+---------------+-----------+
| Name          | Power (W) |
+---------------+-----------+
| FPBN_top      |    30.575 |
|   netW        |    17.271 |
|     N1        |     2.926 |
|       N1      |     0.109 |
|         G0    |     0.010 |
|         MEM0  |     0.036 |
|       R1      |     2.382 |
|         r0    |     0.233 |
|           g1  |     0.233 |
|         r1    |     0.246 |
|           g1  |     0.246 |
|         r2    |     0.240 |
|           g1  |     0.240 |
|         r3    |     0.235 |
|           g1  |     0.235 |
|         r4    |     0.245 |
|           g1  |     0.245 |
|         r5    |     0.224 |
|           g1  |     0.224 |
|         r6    |     0.242 |
|           g1  |     0.242 |
|         r7    |     0.244 |
|           g1  |     0.244 |
|         r8    |     0.225 |
|           g1  |     0.225 |
|         r9    |     0.248 |
|           g1  |     0.248 |
|     N2        |     2.858 |
|       N1      |     0.116 |
|         G0    |     0.016 |
|         MEM0  |     0.039 |
|       R1      |     2.332 |
|         r0    |     0.219 |
|           g1  |     0.219 |
|         r1    |     0.261 |
|           g1  |     0.261 |
|         r2    |     0.236 |
|           g1  |     0.236 |
|         r3    |     0.234 |
|           g1  |     0.234 |
|         r4    |     0.202 |
|           g1  |     0.202 |
|         r5    |     0.241 |
|           g1  |     0.241 |
|         r6    |     0.252 |
|           g1  |     0.252 |
|         r7    |     0.213 |
|           g1  |     0.213 |
|         r8    |     0.223 |
|           g1  |     0.223 |
|         r9    |     0.251 |
|           g1  |     0.251 |
|     N3        |     2.883 |
|       N1      |     0.192 |
|         G0    |     0.027 |
|         MEM0  |     0.095 |
|       R1      |     2.285 |
|         r0    |     0.218 |
|           g1  |     0.218 |
|         r1    |     0.219 |
|           g1  |     0.219 |
|         r2    |     0.237 |
|           g1  |     0.237 |
|         r3    |     0.258 |
|           g1  |     0.258 |
|         r4    |     0.227 |
|           g1  |     0.227 |
|         r5    |     0.229 |
|           g1  |     0.229 |
|         r6    |     0.225 |
|           g1  |     0.225 |
|         r7    |     0.221 |
|           g1  |     0.221 |
|         r8    |     0.225 |
|           g1  |     0.225 |
|         r9    |     0.226 |
|           g1  |     0.226 |
|     N4        |     2.850 |
|       N1      |     0.197 |
|         G0    |     0.027 |
|         MEM0  |     0.093 |
|       R1      |     2.242 |
|         r0    |     0.218 |
|           g1  |     0.218 |
|         r1    |     0.214 |
|           g1  |     0.214 |
|         r2    |     0.220 |
|           g1  |     0.220 |
|         r3    |     0.224 |
|           g1  |     0.224 |
|         r4    |     0.234 |
|           g1  |     0.234 |
|         r5    |     0.218 |
|           g1  |     0.218 |
|         r6    |     0.221 |
|           g1  |     0.221 |
|         r7    |     0.258 |
|           g1  |     0.258 |
|         r8    |     0.220 |
|           g1  |     0.220 |
|         r9    |     0.213 |
|           g1  |     0.213 |
|     N5        |     2.993 |
|       N1      |     0.184 |
|         G0    |     0.022 |
|         MEM0  |     0.102 |
|       R1      |     2.385 |
|         r0    |     0.244 |
|           g1  |     0.244 |
|         r1    |     0.226 |
|           g1  |     0.226 |
|         r2    |     0.222 |
|           g1  |     0.222 |
|         r3    |     0.214 |
|           g1  |     0.214 |
|         r4    |     0.243 |
|           g1  |     0.243 |
|         r5    |     0.240 |
|           g1  |     0.240 |
|         r6    |     0.256 |
|           g1  |     0.256 |
|         r7    |     0.253 |
|           g1  |     0.253 |
|         r8    |     0.246 |
|           g1  |     0.246 |
|         r9    |     0.240 |
|           g1  |     0.240 |
|     N6        |     2.761 |
|       N1      |     0.084 |
|         G0    |     0.011 |
|         MEM0  |     0.015 |
|       R1      |     2.258 |
|         r0    |     0.233 |
|           g1  |     0.233 |
|         r1    |     0.211 |
|           g1  |     0.211 |
|         r2    |     0.236 |
|           g1  |     0.236 |
|         r3    |     0.218 |
|           g1  |     0.218 |
|         r4    |     0.219 |
|           g1  |     0.219 |
|         r5    |     0.240 |
|           g1  |     0.240 |
|         r6    |     0.218 |
|           g1  |     0.218 |
|         r7    |     0.224 |
|           g1  |     0.224 |
|         r8    |     0.225 |
|           g1  |     0.225 |
|         r9    |     0.234 |
|           g1  |     0.234 |
|   programmeur |     0.186 |
|   vip_moy1    |     5.988 |
|     D1        |     1.017 |
|   vip_moy2    |     6.066 |
|     D1        |     0.983 |
+---------------+-----------+


