Copyright 1986-2017 Xilinx, Inc. All Rights Reserved.
------------------------------------------------------------------------------------------------------------------
| Tool Version : Vivado v.2017.1 (lin64) Build 1846317 Fri Apr 14 18:54:47 MDT 2017
| Date         : Mon Jan 22 14:44:02 2018
| Host         : ocaepc07 running 64-bit Debian GNU/Linux 7.11 (wheezy)
| Command      : report_drc -file ring_top_drc_routed.rpt -pb ring_top_drc_routed.pb -rpx ring_top_drc_routed.rpx
| Design       : ring_top
| Device       : xc7z020clg484-1
| Speed File   : -1
| Design State : Routed
------------------------------------------------------------------------------------------------------------------

Report DRC

Table of Contents
-----------------
1. REPORT SUMMARY
2. REPORT DETAILS

1. REPORT SUMMARY
-----------------
            Netlist: netlist
          Floorplan: design_1
      Design limits: <entire design considered>
           Ruledeck: default
             Max violations: <unlimited>
             Violations found: 19
+---------+----------+----------------------------+------------+
| Rule    | Severity | Description                | Violations |
+---------+----------+----------------------------+------------+
| LUTLP-2 | Warning  | Combinatorial Loop Allowed | 18         |
| ZPS7-1  | Warning  | PS7 block required         | 1          |
+---------+----------+----------------------------+------------+

2. REPORT DETAILS
-----------------
LUTLP-2#1 Warning
Combinatorial Loop Allowed  
1 LUT cells form a combinatorial loop. This can create a race condition. Timing analysis may not be accurate. The preferred resolution is to modify the design to remove combinatorial logic loops. This loop has been identified in the constraints as being known and understood by use of the ALLOW_COMBINATORIAL_LOOPS property on a net in the loop. The cells in the loop are: l1/g1/inv1_inferred_i_1.
Related violations: <none>

LUTLP-2#2 Warning
Combinatorial Loop Allowed  
1 LUT cells form a combinatorial loop. This can create a race condition. Timing analysis may not be accurate. The preferred resolution is to modify the design to remove combinatorial logic loops. This loop has been identified in the constraints as being known and understood by use of the ALLOW_COMBINATORIAL_LOOPS property on a net in the loop. The cells in the loop are: l1/g1/inv2_inferred_i_1.
Related violations: <none>

LUTLP-2#3 Warning
Combinatorial Loop Allowed  
1 LUT cells form a combinatorial loop. This can create a race condition. Timing analysis may not be accurate. The preferred resolution is to modify the design to remove combinatorial logic loops. This loop has been identified in the constraints as being known and understood by use of the ALLOW_COMBINATORIAL_LOOPS property on a net in the loop. The cells in the loop are: l1/g1/inv3_inferred_i_1.
Related violations: <none>

LUTLP-2#4 Warning
Combinatorial Loop Allowed  
1 LUT cells form a combinatorial loop. This can create a race condition. Timing analysis may not be accurate. The preferred resolution is to modify the design to remove combinatorial logic loops. This loop has been identified in the constraints as being known and understood by use of the ALLOW_COMBINATORIAL_LOOPS property on a net in the loop. The cells in the loop are: l1/g1/inv4_inferred_i_1.
Related violations: <none>

LUTLP-2#5 Warning
Combinatorial Loop Allowed  
1 LUT cells form a combinatorial loop. This can create a race condition. Timing analysis may not be accurate. The preferred resolution is to modify the design to remove combinatorial logic loops. This loop has been identified in the constraints as being known and understood by use of the ALLOW_COMBINATORIAL_LOOPS property on a net in the loop. The cells in the loop are: l1/g1/inv5_inferred_i_1.
Related violations: <none>

LUTLP-2#6 Warning
Combinatorial Loop Allowed  
1 LUT cells form a combinatorial loop. This can create a race condition. Timing analysis may not be accurate. The preferred resolution is to modify the design to remove combinatorial logic loops. This loop has been identified in the constraints as being known and understood by use of the ALLOW_COMBINATORIAL_LOOPS property on a net in the loop. The cells in the loop are: l2/g1/inv1_inferred_i_1__0.
Related violations: <none>

LUTLP-2#7 Warning
Combinatorial Loop Allowed  
1 LUT cells form a combinatorial loop. This can create a race condition. Timing analysis may not be accurate. The preferred resolution is to modify the design to remove combinatorial logic loops. This loop has been identified in the constraints as being known and understood by use of the ALLOW_COMBINATORIAL_LOOPS property on a net in the loop. The cells in the loop are: l2/g1/inv2_inferred_i_1__0.
Related violations: <none>

LUTLP-2#8 Warning
Combinatorial Loop Allowed  
1 LUT cells form a combinatorial loop. This can create a race condition. Timing analysis may not be accurate. The preferred resolution is to modify the design to remove combinatorial logic loops. This loop has been identified in the constraints as being known and understood by use of the ALLOW_COMBINATORIAL_LOOPS property on a net in the loop. The cells in the loop are: l2/g1/inv3_inferred_i_1__0.
Related violations: <none>

LUTLP-2#9 Warning
Combinatorial Loop Allowed  
1 LUT cells form a combinatorial loop. This can create a race condition. Timing analysis may not be accurate. The preferred resolution is to modify the design to remove combinatorial logic loops. This loop has been identified in the constraints as being known and understood by use of the ALLOW_COMBINATORIAL_LOOPS property on a net in the loop. The cells in the loop are: l2/g1/inv4_inferred_i_1__0.
Related violations: <none>

LUTLP-2#10 Warning
Combinatorial Loop Allowed  
1 LUT cells form a combinatorial loop. This can create a race condition. Timing analysis may not be accurate. The preferred resolution is to modify the design to remove combinatorial logic loops. This loop has been identified in the constraints as being known and understood by use of the ALLOW_COMBINATORIAL_LOOPS property on a net in the loop. The cells in the loop are: l2/g1/inv5_inferred_i_1__0.
Related violations: <none>

LUTLP-2#11 Warning
Combinatorial Loop Allowed  
1 LUT cells form a combinatorial loop. This can create a race condition. Timing analysis may not be accurate. The preferred resolution is to modify the design to remove combinatorial logic loops. This loop has been identified in the constraints as being known and understood by use of the ALLOW_COMBINATORIAL_LOOPS property on a net in the loop. The cells in the loop are: l3/g1/inv1_inferred_i_1__1.
Related violations: <none>

LUTLP-2#12 Warning
Combinatorial Loop Allowed  
1 LUT cells form a combinatorial loop. This can create a race condition. Timing analysis may not be accurate. The preferred resolution is to modify the design to remove combinatorial logic loops. This loop has been identified in the constraints as being known and understood by use of the ALLOW_COMBINATORIAL_LOOPS property on a net in the loop. The cells in the loop are: l3/g1/inv2_inferred_i_1__1.
Related violations: <none>

LUTLP-2#13 Warning
Combinatorial Loop Allowed  
1 LUT cells form a combinatorial loop. This can create a race condition. Timing analysis may not be accurate. The preferred resolution is to modify the design to remove combinatorial logic loops. This loop has been identified in the constraints as being known and understood by use of the ALLOW_COMBINATORIAL_LOOPS property on a net in the loop. The cells in the loop are: l3/g1/inv3_inferred_i_1__1.
Related violations: <none>

LUTLP-2#14 Warning
Combinatorial Loop Allowed  
1 LUT cells form a combinatorial loop. This can create a race condition. Timing analysis may not be accurate. The preferred resolution is to modify the design to remove combinatorial logic loops. This loop has been identified in the constraints as being known and understood by use of the ALLOW_COMBINATORIAL_LOOPS property on a net in the loop. The cells in the loop are: l3/g1/inv4_inferred_i_1__1.
Related violations: <none>

LUTLP-2#15 Warning
Combinatorial Loop Allowed  
1 LUT cells form a combinatorial loop. This can create a race condition. Timing analysis may not be accurate. The preferred resolution is to modify the design to remove combinatorial logic loops. This loop has been identified in the constraints as being known and understood by use of the ALLOW_COMBINATORIAL_LOOPS property on a net in the loop. The cells in the loop are: l3/g1/inv5_inferred_i_1__1.
Related violations: <none>

LUTLP-2#16 Warning
Combinatorial Loop Allowed  
5 LUT cells form a combinatorial loop. This can create a race condition. Timing analysis may not be accurate. The preferred resolution is to modify the design to remove combinatorial logic loops. This loop has been identified in the constraints as being known and understood by use of the ALLOW_COMBINATORIAL_LOOPS property on a net in the loop. The cells in the loop are: l1/g1/inv1_inferred_i_1, l1/g1/inv2_inferred_i_1, l1/g1/inv3_inferred_i_1, l1/g1/inv4_inferred_i_1, l1/g1/inv5_inferred_i_1.
Related violations: <none>

LUTLP-2#17 Warning
Combinatorial Loop Allowed  
5 LUT cells form a combinatorial loop. This can create a race condition. Timing analysis may not be accurate. The preferred resolution is to modify the design to remove combinatorial logic loops. This loop has been identified in the constraints as being known and understood by use of the ALLOW_COMBINATORIAL_LOOPS property on a net in the loop. The cells in the loop are: l2/g1/inv1_inferred_i_1__0, l2/g1/inv2_inferred_i_1__0, l2/g1/inv3_inferred_i_1__0, l2/g1/inv4_inferred_i_1__0, l2/g1/inv5_inferred_i_1__0.
Related violations: <none>

LUTLP-2#18 Warning
Combinatorial Loop Allowed  
5 LUT cells form a combinatorial loop. This can create a race condition. Timing analysis may not be accurate. The preferred resolution is to modify the design to remove combinatorial logic loops. This loop has been identified in the constraints as being known and understood by use of the ALLOW_COMBINATORIAL_LOOPS property on a net in the loop. The cells in the loop are: l3/g1/inv1_inferred_i_1__1, l3/g1/inv2_inferred_i_1__1, l3/g1/inv3_inferred_i_1__1, l3/g1/inv4_inferred_i_1__1, l3/g1/inv5_inferred_i_1__1.
Related violations: <none>

ZPS7-1#1 Warning
PS7 block required  
The PS7 cell must be used in this Zynq design in order to enable correct default configuration.
Related violations: <none>


