#-----------------------------------------------------------
# Vivado v2017.1 (64-bit)
# SW Build 1846317 on Fri Apr 14 18:54:47 MDT 2017
# IP Build 1846188 on Fri Apr 14 20:52:08 MDT 2017
# Start of session at: Thu Dec 14 11:35:16 2017
# Process ID: 24426
# Current directory: /tp/xph3app/xph3app604/Projet_3A/Vivado
# Command line: vivado
# Log file: /tp/xph3app/xph3app604/Projet_3A/Vivado/vivado.log
# Journal file: /tp/xph3app/xph3app604/Projet_3A/Vivado/vivado.jou
#-----------------------------------------------------------
start_gui
open_project /tp/xph3app/xph3app604/Projet_3A/Vivado/project_1/project_1.xpr
update_compile_order -fileset sources_1
open_hw
connect_hw_server
open_hw_target
set_property PROGRAM.FILE {/tp/xph3app/xph3app604/Projet_3A/Vivado/project_1/project_1.runs/impl_1/test_cna.bit} [get_hw_devices xc7z020_1]
current_hw_device [get_hw_devices xc7z020_1]
refresh_hw_device -update_hw_probes false [lindex [get_hw_devices xc7z020_1] 0]
set_property PROBES.FILE {} [get_hw_devices xc7z020_1]
set_property FULL_PROBES.FILE {} [get_hw_devices xc7z020_1]
set_property PROGRAM.FILE {/tp/xph3app/xph3app604/Projet_3A/Vivado/project_1/project_1.runs/impl_1/test_cna.bit} [get_hw_devices xc7z020_1]
program_hw_devices [get_hw_devices xc7z020_1]
refresh_hw_device [lindex [get_hw_devices xc7z020_1] 0]
reset_run synth_1
launch_runs impl_1 -to_step write_bitstream
wait_on_run impl_1
set_property PROBES.FILE {} [get_hw_devices xc7z020_1]
set_property FULL_PROBES.FILE {} [get_hw_devices xc7z020_1]
set_property PROGRAM.FILE {/tp/xph3app/xph3app604/Projet_3A/Vivado/project_1/project_1.runs/impl_1/test_cna.bit} [get_hw_devices xc7z020_1]
program_hw_devices [get_hw_devices xc7z020_1]
refresh_hw_device [lindex [get_hw_devices xc7z020_1] 0]
set_property PROBES.FILE {} [get_hw_devices xc7z020_1]
set_property FULL_PROBES.FILE {} [get_hw_devices xc7z020_1]
set_property PROGRAM.FILE {/tp/xph3app/xph3app604/Projet_3A/Vivado/project_1/project_1.runs/impl_1/test_cna.bit} [get_hw_devices xc7z020_1]
program_hw_devices [get_hw_devices xc7z020_1]
refresh_hw_device [lindex [get_hw_devices xc7z020_1] 0]
close_hw_target {localhost:3121/xilinx_tcf/Digilent/210248782234}
open_hw_target {localhost:3121/xilinx_tcf/Digilent/210248782234}
set_property PROGRAM.FILE {/tp/xph3app/xph3app604/Projet_3A/Vivado/project_1/project_1.runs/impl_1/test_cna.bit} [get_hw_devices xc7z020_1]
current_hw_device [get_hw_devices xc7z020_1]
refresh_hw_device -update_hw_probes false [lindex [get_hw_devices xc7z020_1] 0]
close_hw_target {localhost:3121/xilinx_tcf/Digilent/210248782234}
disconnect_hw_server localhost:3121
connect_hw_server
open_hw_target
set_property PROGRAM.FILE {/tp/xph3app/xph3app604/Projet_3A/Vivado/project_1/project_1.runs/impl_1/test_cna.bit} [get_hw_devices xc7z020_1]
current_hw_device [get_hw_devices xc7z020_1]
refresh_hw_device -update_hw_probes false [lindex [get_hw_devices xc7z020_1] 0]
close_hw_target {localhost:3121/xilinx_tcf/Digilent/210248782234}
disconnect_hw_server localhost:3121
connect_hw_server
open_hw_target
set_property PROGRAM.FILE {/tp/xph3app/xph3app604/Projet_3A/Vivado/project_1/project_1.runs/impl_1/test_cna.bit} [get_hw_devices xc7z020_1]
current_hw_device [get_hw_devices xc7z020_1]
refresh_hw_device -update_hw_probes false [lindex [get_hw_devices xc7z020_1] 0]
disconnect_hw_server localhost:3121
