#-----------------------------------------------------------
# Vivado v2017.1 (64-bit)
# SW Build 1846317 on Fri Apr 14 18:54:47 MDT 2017
# IP Build 1846188 on Fri Apr 14 20:52:08 MDT 2017
# Start of session at: Thu Jan 18 11:16:51 2018
# Process ID: 18252
# Current directory: /tp/xph3app/xph3app604/Projet_3A/Vivado
# Command line: vivado
# Log file: /tp/xph3app/xph3app604/Projet_3A/Vivado/vivado.log
# Journal file: /tp/xph3app/xph3app604/Projet_3A/Vivado/vivado.jou
#-----------------------------------------------------------
start_gui
open_project /tp/xph3app/xph3app604/Projet_3A/Vivado/project_noeud_seul/project_noeud_seul.xpr
update_compile_order -fileset sources_1
set_property is_enabled false [get_files  /tp/xph3app/xph3app604/Projet_3A/Vivado/project_noeud_seul/project_noeud_seul.srcs/sources_1/new/FPBN_top.vhd]
set_property is_enabled false [get_files  /tp/xph3app/xph3app604/Projet_3A/Vivado/project_noeud_seul/project_noeud_seul.srcs/sources_1/imports/vhd/network.vhd]
set_property is_enabled false [get_files  /tp/xph3app/xph3app604/Projet_3A/Vivado/project_noeud_seul/project_noeud_seul.srcs/sources_1/imports/bench/VIP_moy.vhd]
set_property is_enabled false [get_files  /tp/xph3app/xph3app604/Projet_3A/Vivado/project_noeud_seul/project_noeud_seul.srcs/sources_1/imports/vhd/Prog.vhd]
set_property is_enabled true [get_files  /tp/xph3app/xph3app604/Projet_3A/Vivado/project_noeud_seul/project_noeud_seul.srcs/sources_1/new/ring_top.vhd]
update_compile_order -fileset sources_1
set_property is_enabled false [get_files  /tp/xph3app/xph3app604/Projet_3A/Vivado/project_noeud_seul/project_noeud_seul.srcs/sources_1/new/diviseur.vhd]
set_property is_enabled false [get_files  /tp/xph3app/xph3app604/Projet_3A/Vivado/project_noeud_seul/project_noeud_seul.srcs/sources_1/new/Node.vhd]
update_compile_order -fileset sources_1
set_property is_enabled false [get_files  /tp/xph3app/xph3app604/Projet_3A/Vivado/project_noeud_seul/project_noeud_seul.srcs/sources_1/new/TRNG_10bit.vhd]
set_property is_enabled false [get_files  /tp/xph3app/xph3app604/Projet_3A/Vivado/project_noeud_seul/project_noeud_seul.srcs/sources_1/imports/vhd/core.vhd]
set_property is_enabled false [get_files  /tp/xph3app/xph3app604/Projet_3A/Vivado/project_noeud_seul/project_noeud_seul.srcs/sources_1/imports/vhd/gateway.vhd]
set_property is_enabled false [get_files  /tp/xph3app/xph3app604/Projet_3A/Vivado/project_noeud_seul/project_noeud_seul.srcs/sources_1/imports/vhd/Memory.vhd]
reset_run synth_1
launch_runs synth_1
wait_on_run synth_1
launch_runs impl_1
wait_on_run impl_1
launch_runs impl_1 -to_step write_bitstream
wait_on_run impl_1
reset_run synth_1
launch_runs impl_1 -to_step write_bitstream
wait_on_run impl_1
open_run impl_1
reset_run synth_1
launch_runs impl_1 -to_step write_bitstream
wait_on_run impl_1
reset_run synth_1
launch_runs impl_1 -to_step write_bitstream
wait_on_run impl_1
